⚠ Fast Refresh had to perform a full reload due to a runtime error.
⚠ Fast Refresh had to perform a full reload due to a runtime error.
⚠ Fast Refresh had to perform a full reload due to a runtime error.
⚠ Fast Refresh had to perform a full reload due to a runtime error.
⨯ upstream image response failed for https://images.unsplash.com/photo-1540575861501-7c00117fc24b?auto=format&fit=crop&q=80&w=800 404
⨯ upstream image response failed for https://images.unsplash.com/photo-1540575861501-7c00117fc24b?auto=format&fit=crop&q=80&w=800 404
⨯ The requested resource "https://api.dicebear.com/7.x/initials/svg?seed=Dazzlingspacesbykiks" has type "image/svg+xml" but dangerouslyAllowSVG is disabled. Consider adding the "unoptimized" property to the <Image>.
⨯ The requested resource "https://api.dicebear.com/7.x/initials/svg?seed=PAN%20AFRICA%20TV%20UNPLUG" has type "image/svg+xml" but dangerouslyAllowSVG is disabled. Consider adding the "unoptimized" property to the <Image>.
⨯ upstream image response failed for https://images.unsplash.com/photo-1540575861501-7c00117fc24b?auto=format&fit=crop&q=80&w=800 404
⨯ The requested resource "https://api.dicebear.com/7.x/initials/svg?seed=Dazzlingspacesbykiks" has type "image/svg+xml" but dangerouslyAllowSVG is disabled. Consider adding the "unoptimized" property to the <Image>.
⨯ The requested resource "https://api.dicebear.com/7.x/initials/svg?seed=PAN%20AFRICA%20TV%20UNPLUG" has type "image/svg+xml" but dangerouslyAllowSVG is disabled. Consider adding the "unoptimized" property to the <Image>.
⨯ upstream image response failed for https://images.unsplash.com/photo-1526491109672-7474bd1bd594?auto=format&fit=crop&w=1400&q=80 404
⨯ upstream image response failed for https://images.unsplash.com/photo-1540575861501-7c00117fc24b?auto=format&fit=crop&q=80&w=800 404
⨯ The requested resource "https://api.dicebear.com/7.x/initials/svg?seed=PAN%20AFRICA%20TV%20UNPLUG" has type "image/svg+xml" but dangerouslyAllowSVG is disabled. Consider adding the "unoptimized" property to the <Image>.
⨯ The requested resource "https://api.dicebear.com/7.x/initials/svg?seed=Dazzlingspacesbykiks" has type "image/svg+xml" but dangerouslyAllowSVG is disabled. Consider adding the "unoptimized" property to the <Image>.
⨯ The requested resource "https://api.dicebear.com/7.x/initials/svg?seed=PAN%20AFRICA%20TV%20UNPLUG" has type "image/svg+xml" but dangerouslyAllowSVG is disabled. Consider adding the "unoptimized" property to the <Image>.
⨯ The requested resource "https://api.dicebear.com/7.x/initials/svg?seed=Dazzlingspacesbykiks" has type "image/svg+xml" but dangerouslyAllowSVG is disabled. Consider adding the "unoptimized" property to the <Image>.
⨯ upstream image response failed for https://images.unsplash.com/photo-1526491109672-7474bd1bd594?auto=format&fit=crop&w=1400&q=80 404
⨯ The requested resource "https://api.dicebear.com/7.x/initials/svg?seed=PAN%20AFRICA%20TV%20UNPLUG" has type "image/svg+xml" but dangerouslyAllowSVG is disabled. Consider adding the "unoptimized" property to the <Image>.
⨯ The requested resource "https://api.dicebear.com/7.x/initials/svg?seed=Dazzlingspacesbykiks" has type "image/svg+xml" but dangerouslyAllowSVG is disabled. Consider adding the "unoptimized" property to the <Image>.
⨯ upstream image response failed for https://images.unsplash.com/photo-1526491109672-7474bd1bd594?auto=format&fit=crop&w=1400&q=80 404
⨯ The requested resource "https://api.dicebear.com/7.x/initials/svg?seed=Dazzlingspacesbykiks" has type "image/svg+xml" but dangerouslyAllowSVG is disabled. Consider adding the "unoptimized" property to the <Image>.
⨯ The requested resource "https://api.dicebear.com/7.x/initials/svg?seed=PAN%20AFRICA%20TV%20UNPLUG" has type "image/svg+xml" but dangerouslyAllowSVG is disabled. Consider adding the "unoptimized" property to the <Image>.
⨯ upstream image response failed for https://images.unsplash.com/photo-1540575861501-7c00117fc24b?auto=format&fit=crop&q=80&w=800 404
⨯ The requested resource "https://api.dicebear.com/7.x/initials/svg?seed=Dazzlingspacesbykiks" has type "image/svg+xml" but dangerouslyAllowSVG is disabled. Consider adding the "unoptimized" property to the <Image>.
⨯ The requested resource "https://api.dicebear.com/7.x/initials/svg?seed=PAN%20AFRICA%20TV%20UNPLUG" has type "image/svg+xml" but dangerouslyAllowSVG is disabled. Consider adding the "unoptimized" property to the <Image>.
⚠ Fast Refresh had to perform a full reload due to a runtime error.
⚠ Fast Refresh had to perform a full reload due to a runtime error.
⨯ The requested resource "https://api.dicebear.com/7.x/initials/svg?seed=PAN%20AFRICA%20TV%20UNPLUG" has type "image/svg+xml" but dangerouslyAllowSVG is disabled. Consider adding the "unoptimized" property to the <Image>.
⨯ The requested resource "https://api.dicebear.com/7.x/initials/svg?seed=Dazzlingspacesbykiks" has type "image/svg+xml" but dangerouslyAllowSVG is disabled. Consider adding the "unoptimized" property to the <Image>.
⨯ upstream image response failed for https://images.unsplash.com/photo-1526491109672-7474bd1bd594?auto=format&fit=crop&w=1400&q=80 404
⨯ The requested resource "https://api.dicebear.com/7.x/initials/svg?seed=PAN%20AFRICA%20TV%20UNPLUG" has type "image/svg+xml" but dangerouslyAllowSVG is disabled. Consider adding the "unoptimized" property to the <Image>.
⨯ The requested resource "https://api.dicebear.com/7.x/initials/svg?seed=Dazzlingspacesbykiks" has type "image/svg+xml" but dangerouslyAllowSVG is disabled. Consider adding the "unoptimized" property to the <Image>.
⨯ The requested resource "https://api.dicebear.com/7.x/initials/svg?seed=Dazzlingspacesbykiks" has type "image/svg+xml" but dangerouslyAllowSVG is disabled. Consider adding the "unoptimized" property to the <Image>.
⨯ The requested resource "https://api.dicebear.com/7.x/initials/svg?seed=PAN%20AFRICA%20TV%20UNPLUG" has type "image/svg+xml" but dangerouslyAllowSVG is disabled. Consider adding the "unoptimized" property to the <Image>.
⨯ The requested resource "https://api.dicebear.com/7.x/initials/svg?seed=Dazzlingspacesbykiks" has type "image/svg+xml" but dangerouslyAllowSVG is disabled. Consider adding the "unoptimized" property to the <Image>.
⨯ The requested resource "https://api.dicebear.com/7.x/initials/svg?seed=PAN%20AFRICA%20TV%20UNPLUG" has type "image/svg+xml" but dangerouslyAllowSVG is disabled. Consider adding the "unoptimized" property to the <Image>.
⨯ The requested resource "https://api.dicebear.com/7.x/initials/svg?seed=Dazzlingspacesbykiks" has type "image/svg+xml" but dangerouslyAllowSVG is disabled. Consider adding the "unoptimized" property to the <Image>.
⨯ The requested resource "https://api.dicebear.com/7.x/initials/svg?seed=PAN%20AFRICA%20TV%20UNPLUG" has type "image/svg+xml" but dangerouslyAllowSVG is disabled. Consider adding the "unoptimized" property to the <Image>.
⨯ The requested resource "https://api.dicebear.com/7.x/initials/svg?seed=Dazzlingspacesbykiks" has type "image/svg+xml" but dangerouslyAllowSVG is disabled. Consider adding the "unoptimized" property to the <Image>.
⨯ The requested resource "https://api.dicebear.com/7.x/initials/svg?seed=PAN%20AFRICA%20TV%20UNPLUG" has type "image/svg+xml" but dangerouslyAllowSVG is disabled. Consider adding the "unoptimized" property to the <Image>.
⨯ upstream image response failed for https://images.unsplash.com/photo-1526491109672-7474bd1bd594?auto=format&fit=crop&w=1400&q=80 404
⨯ upstream image response failed for https://images.unsplash.com/photo-1540575861501-7c00117fc24b?auto=format&fit=crop&q=80&w=800 404
⨯ upstream image response failed for https://images.unsplash.com/photo-1540575861501-7c00117fc24b?auto=format&fit=crop&q=80&w=800 404
⚠ Fast Refresh had to perform a full reload due to a runtime error.
⚠ Fast Refresh had to perform a full reload due to a runtime error.
⚠ Fast Refresh had to perform a full reload due to a runtime error.
⨯ upstream image response failed for https://images.unsplash.com/photo-1540575861501-7c00117fc24b?auto=format&fit=crop&q=80&w=800 404
⨯ The requested resource "https://api.dicebear.com/7.x/initials/svg?seed=PAN%20AFRICA%20TV%20UNPLUG" has type "image/svg+xml" but dangerouslyAllowSVG is disabled. Consider adding the "unoptimized" property to the <Image>.
⨯ The requested resource "https://api.dicebear.com/7.x/initials/svg?seed=Dazzlingspacesbykiks" has type "image/svg+xml" but dangerouslyAllowSVG is disabled. Consider adding the "unoptimized" property to the <Image>.
⨯ The requested resource "https://api.dicebear.com/7.x/initials/svg?seed=PAN%20AFRICA%20TV%20UNPLUG" has type "image/svg+xml" but dangerouslyAllowSVG is disabled. Consider adding the "unoptimized" property to the <Image>.
⨯ The requested resource "https://api.dicebear.com/7.x/initials/svg?seed=Dazzlingspacesbykiks" has type "image/svg+xml" but dangerouslyAllowSVG is disabled. Consider adding the "unoptimized" property to the <Image>.
⨯ The requested resource "https://api.dicebear.com/7.x/initials/svg?seed=Dazzlingspacesbykiks" has type "image/svg+xml" but dangerouslyAllowSVG is disabled. Consider adding the "unoptimized" property to the <Image>.
⨯ The requested resource "https://api.dicebear.com/7.x/initials/svg?seed=PAN%20AFRICA%20TV%20UNPLUG" has type "image/svg+xml" but dangerouslyAllowSVG is disabled. Consider adding the "unoptimized" property to the <Image>.
⨯ The requested resource "https://api.dicebear.com/7.x/initials/svg?seed=PAN%20AFRICA%20TV%20UNPLUG" has type "image/svg+xml" but dangerouslyAllowSVG is disabled. Consider adding the "unoptimized" property to the <Image>.
⨯ The requested resource "https://api.dicebear.com/7.x/initials/svg?seed=Dazzlingspacesbykiks" has type "image/svg+xml" but dangerouslyAllowSVG is disabled. Consider adding the "unoptimized" property to the <Image>.
⨯ The requested resource "https://api.dicebear.com/7.x/initials/svg?seed=Dazzlingspacesbykiks" has type "image/svg+xml" but dangerouslyAllowSVG is disabled. Consider adding the "unoptimized" property to the <Image>.
⨯ The requested resource "https://api.dicebear.com/7.x/initials/svg?seed=PAN%20AFRICA%20TV%20UNPLUG" has type "image/svg+xml" but dangerouslyAllowSVG is disabled. Consider adding the "unoptimized" property to the <Image>.
⨯ upstream image response failed for https://images.unsplash.com/photo-1540575861501-7c00117fc24b?auto=format&fit=crop&q=80&w=800 404
⨯ ./app/dashboard/hosts/search/page.tsx:1:1
Module not found: Can't resolve '@/components/dashboard/public-events-browser'
[0m[31m[1m>[22m[39m[90m 1 |[39m [36mimport[39m [33mPublicEventsBrowser[39m [36mfrom[39m [32m'@/components/dashboard/public-events-browser'[39m[33m;[39m
 [90m   |[39m [31m[1m^[22m[39m[31m[1m^[22m[39m[31m[1m^[22m[39m[31m[1m^[22m[39m[31m[1m^[22m[39m[31m[1m^[22m[39m[31m[1m^[22m[39m[31m[1m^[22m[39m[31m[1m^[22m[39m[31m[1m^[22m[39m[31m[1m^[22m[39m[31m[1m^[22m[39m[31m[1m^[22m[39m[31m[1m^[22m[39m[31m[1m^[22m[39m[31m[1m^[22m[39m[31m[1m^[22m[39m[31m[1m^[22m[39m[31m[1m^[22m[39m[31m[1m^[22m[39m[31m[1m^[22m[39m[31m[1m^[22m[39m[31m[1m^[22m[39m[31m[1m^[22m[39m[31m[1m^[22m[39m[31m[1m^[22m[39m[31m[1m^[22m[39m[31m[1m^[22m[39m[31m[1m^[22m[39m[31m[1m^[22m[39m[31m[1m^[22m[39m[31m[1m^[22m[39m[31m[1m^[22m[39m[31m[1m^[22m[39m[31m[1m^[22m[39m[31m[1m^[22m[39m[31m[1m^[22m[39m[31m[1m^[22m[39m[31m[1m^[22m[39m[31m[1m^[22m[39m[31m[1m^[22m[39m[31m[1m^[22m[39m[31m[1m^[22m[39m[31m[1m^[22m[39m[31m[1m^[22m[39m[31m[1m^[22m[39m[31m[1m^[22m[39m[31m[1m^[22m[39m[31m[1m^[22m[39m[31m[1m^[22m[39m[31m[1m^[22m[39m[31m[1m^[22m[39m[31m[1m^[22m[39m[31m[1m^[22m[39m[31m[1m^[22m[39m[31m[1m^[22m[39m[31m[1m^[22m[39m[31m[1m^[22m[39m[31m[1m^[22m[39m[31m[1m^[22m[39m[31m[1m^[22m[39m[31m[1m^[22m[39m[31m[1m^[22m[39m[31m[1m^[22m[39m[31m[1m^[22m[39m[31m[1m^[22m[39m[31m[1m^[22m[39m[31m[1m^[22m[39m[31m[1m^[22m[39m[31m[1m^[22m[39m[31m[1m^[22m[39m[31m[1m^[22m[39m[31m[1m^[22m[39m[31m[1m^[22m[39m[31m[1m^[22m[39m[31m[1m^[22m[39m[31m[1m^[22m[39m[31m[1m^[22m[39m[31m[1m^[22m[39m
 [90m 2 |[39m
 [90m 3 |[39m [36mexport[39m [36mdefault[39m [36mfunction[39m [33mDiscoverPage[39m() {
 [90m 4 |[39m   [36mreturn[39m [33m<[39m[33mPublicEventsBrowser[39m [33m/[39m[33m>[39m[33m;[39m[0m

Import map: aliased to relative './components/dashboard/public-events-browser' inside of [project]/


https://nextjs.org/docs/messages/module-not-found


⨯ ./app/dashboard/hosts/search/page.tsx:1:1
Module not found: Can't resolve '@/components/dashboard/public-events-browser'
[0m[31m[1m>[22m[39m[90m 1 |[39m [36mimport[39m [33mPublicEventsBrowser[39m [36mfrom[39m [32m'@/components/dashboard/public-events-browser'[39m[33m;[39m
 [90m   |[39m [31m[1m^[22m[39m[31m[1m^[22m[39m[31m[1m^[22m[39m[31m[1m^[22m[39m[31m[1m^[22m[39m[31m[1m^[22m[39m[31m[1m^[22m[39m[31m[1m^[22m[39m[31m[1m^[22m[39m[31m[1m^[22m[39m[31m[1m^[22m[39m[31m[1m^[22m[39m[31m[1m^[22m[39m[31m[1m^[22m[39m[31m[1m^[22m[39m[31m[1m^[22m[39m[31m[1m^[22m[39m[31m[1m^[22m[39m[31m[1m^[22m[39m[31m[1m^[22m[39m[31m[1m^[22m[39m[31m[1m^[22m[39m[31m[1m^[22m[39m[31m[1m^[22m[39m[31m[1m^[22m[39m[31m[1m^[22m[39m[31m[1m^[22m[39m[31m[1m^[22m[39m[31m[1m^[22m[39m[31m[1m^[22m[39m[31m[1m^[22m[39m[31m[1m^[22m[39m[31m[1m^[22m[39m[31m[1m^[22m[39m[31m[1m^[22m[39m[31m[1m^[22m[39m[31m[1m^[22m[39m[31m[1m^[22m[39m[31m[1m^[22m[39m[31m[1m^[22m[39m[31m[1m^[22m[39m[31m[1m^[22m[39m[31m[1m^[22m[39m[31m[1m^[22m[39m[31m[1m^[22m[39m[31m[1m^[22m[39m[31m[1m^[22m[39m[31m[1m^[22m[39m[31m[1m^[22m[39m[31m[1m^[22m[39m[31m[1m^[22m[39m[31m[1m^[22m[39m[31m[1m^[22m[39m[31m[1m^[22m[39m[31m[1m^[22m[39m[31m[1m^[22m[39m[31m[1m^[22m[39m[31m[1m^[22m[39m[31m[1m^[22m[39m[31m[1m^[22m[39m[31m[1m^[22m[39m[31m[1m^[22m[39m[31m[1m^[22m[39m[31m[1m^[22m[39m[31m[1m^[22m[39m[31m[1m^[22m[39m[31m[1m^[22m[39m[31m[1m^[22m[39m[31m[1m^[22m[39m[31m[1m^[22m[39m[31m[1m^[22m[39m[31m[1m^[22m[39m[31m[1m^[22m[39m[31m[1m^[22m[39m[31m[1m^[22m[39m[31m[1m^[22m[39m[31m[1m^[22m[39m[31m[1m^[22m[39m[31m[1m^[22m[39m
 [90m 2 |[39m
 [90m 3 |[39m [36mexport[39m [36mdefault[39m [36mfunction[39m [33mDiscoverPage[39m() {
 [90m 4 |[39m   [36mreturn[39m [33m<[39m[33mPublicEventsBrowser[39m [33m/[39m[33m>[39m[33m;[39m[0m

Import map: aliased to relative './components/dashboard/public-events-browser' inside of [project]/


https://nextjs.org/docs/messages/module-not-found


⨯ upstream image response failed for https://images.unsplash.com/photo-1540575861501-7c00117fc24b?auto=format&fit=crop&q=80&w=800 404
⨯ upstream image response failed for https://images.unsplash.com/photo-1540575861501-7c00117fc24b?auto=format&fit=crop&q=80&w=800 404
⨯ upstream image response failed for https://images.unsplash.com/photo-1540575861501-7c00117fc24b?auto=format&fit=crop&q=80&w=800 404
