▲ Next.js 16.1.6 (Turbopack)
- Local:         http://localhost:3000
- Network:       http://192.168.0.248:3000
- Environments: .env.local

✓ Starting...
✓ Ready in 4.9s
○ Compiling /dashboard/hosts/events/[id] ...
 GET / 200 in 21.8s (compile: 2.3s, render: 19.5s)
 GET /dashboard/hosts/events/THFQReJ9Q2D0v4tDzPc8 200 in 25.4s (compile: 9.5s, render: 15.9s)
 GET /manifest.webmanifest 200 in 995ms (compile: 929ms, render: 65ms)
 GET /dashboard/hosts/events/THFQReJ9Q2D0v4tDzPc8?tab=overview 200 in 98ms (compile: 25ms, render: 73ms)
 GET /manifest.webmanifest 200 in 19ms (compile: 10ms, render: 9ms)
 GET /dashboard/hosts/events/ev-002 200 in 61ms (compile: 17ms, render: 44ms)
 GET /manifest.webmanifest 200 in 10ms (compile: 4ms, render: 7ms)
 GET /dashboard/hosts/events/ev-002?tab=overview 200 in 66ms (compile: 18ms, render: 48ms)
 GET /manifest.webmanifest 200 in 15ms (compile: 8ms, render: 7ms)
 GET /dashboard/hosts/events/ev-002?tab=vendors 200 in 58ms (compile: 13ms, render: 45ms)
 GET /manifest.webmanifest 200 in 11ms (compile: 4ms, render: 7ms)
 GET /dashboard/hosts/events/ev-002?tab=home 200 in 51ms (compile: 13ms, render: 37ms)
 GET /manifest.webmanifest 200 in 8ms (compile: 3ms, render: 5ms)
✓ Compiled in 1016ms
✓ Compiled in 398ms
✓ Compiled in 305ms
✓ Compiled in 667ms
 GET /dashboard/hosts/events/ev-002?tab=overview 200 in 314ms (compile: 240ms, render: 74ms)
 GET /manifest.webmanifest 200 in 20ms (compile: 10ms, render: 10ms)
 GET /dashboard/hosts/events/ev-002?tab=home 200 in 122ms (compile: 16ms, render: 106ms)
 GET /manifest.webmanifest 200 in 21ms (compile: 11ms, render: 11ms)
✓ Compiled in 320ms
✓ Compiled in 285ms
 GET /dashboard/hosts/events/ev-002?tab=overview 200 in 140ms (compile: 98ms, render: 42ms)
 GET /manifest.webmanifest 200 in 13ms (compile: 4ms, render: 9ms)
✓ Compiled in 356ms
✓ Compiled in 1257ms
✓ Compiled in 553ms
 GET /manifest.webmanifest 200 in 1256ms (compile: 1224ms, render: 32ms)
 GET /manifest.webmanifest 200 in 94ms (compile: 35ms, render: 58ms)
 GET /dashboard/hosts/events/ev-002?tab=overview 200 in 2.1s (compile: 303ms, render: 1795ms)
✓ Compiled in 1118ms
 GET /manifest.webmanifest 200 in 22ms (compile: 11ms, render: 11ms)
 GET /dashboard/hosts/events/ev-002?tab=overview 200 in 1249ms (compile: 288ms, render: 961ms)
✓ Compiled in 306ms
 GET /dashboard/hosts/events/ev-002?tab=overview 200 in 121ms (compile: 80ms, render: 41ms)
 GET /manifest.webmanifest 200 in 5ms (compile: 1932µs, render: 3ms)
✓ Compiled in 474ms
✓ Compiled in 292ms
✓ Compiled in 401ms
✓ Compiled in 218ms
✓ Compiled in 449ms
✓ Compiled in 475ms
✓ Compiled in 396ms
 GET /dashboard/hosts/events/ev-002?tab=guests 200 in 179ms (compile: 133ms, render: 46ms)
 GET /manifest.webmanifest 200 in 12ms (compile: 4ms, render: 8ms)
 GET /dashboard/hosts/events/ev-002?tab=overview 200 in 44ms (compile: 13ms, render: 31ms)
 GET /manifest.webmanifest 200 in 10ms (compile: 3ms, render: 7ms)
 GET /dashboard/hosts/events/ev-002?tab=home 200 in 59ms (compile: 16ms, render: 44ms)
 GET /manifest.webmanifest 200 in 10ms (compile: 4ms, render: 6ms)
 GET /dashboard/hosts/events/ev-002?tab=itinerary 200 in 42ms (compile: 11ms, render: 30ms)
 GET /manifest.webmanifest 200 in 6ms (compile: 3ms, render: 3ms)
 GET /dashboard/hosts/events/ev-002?tab=vendors 200 in 56ms (compile: 17ms, render: 39ms)
 GET /manifest.webmanifest 200 in 9ms (compile: 4ms, render: 5ms)
 GET /dashboard/hosts/events/ev-002?tab=tickets 200 in 45ms (compile: 11ms, render: 34ms)
 GET /manifest.webmanifest 200 in 10ms (compile: 3ms, render: 7ms)
 GET /dashboard/hosts/events/ev-002?tab=tickets 200 in 31ms (compile: 3ms, render: 27ms)
 GET /manifest.webmanifest 200 in 10ms (compile: 5ms, render: 5ms)
 GET /dashboard/hosts/events/ev-002?tab=vendors 200 in 48ms (compile: 15ms, render: 33ms)
 GET /manifest.webmanifest 200 in 9ms (compile: 3ms, render: 6ms)
✓ Compiled in 385ms
 GET /dashboard/hosts/events/ev-002?tab=home 200 in 127ms (compile: 97ms, render: 30ms)
 GET /manifest.webmanifest 200 in 8ms (compile: 3ms, render: 5ms)
 GET /dashboard/hosts/events/ev-002?tab=vendors 200 in 49ms (compile: 11ms, render: 37ms)
 GET /manifest.webmanifest 200 in 8ms (compile: 3ms, render: 5ms)
 GET /dashboard/hosts/events/ev-002?tab=home 200 in 45ms (compile: 14ms, render: 31ms)
 GET /manifest.webmanifest 200 in 7ms (compile: 3ms, render: 5ms)
✓ Compiled in 496ms
 GET /dashboard/hosts/events/ev-002?tab=overview 200 in 171ms (compile: 122ms, render: 49ms)
 GET /manifest.webmanifest 200 in 13ms (compile: 7ms, render: 6ms)
 GET /dashboard/hosts/events/ev-002?tab=overview 200 in 43ms (compile: 10ms, render: 33ms)
 GET /manifest.webmanifest 200 in 9ms (compile: 4ms, render: 5ms)
 GET /dashboard/hosts/events/ev-002?tab=vendors 200 in 120ms (compile: 4ms, render: 116ms)
 GET /manifest.webmanifest 200 in 6ms (compile: 3ms, render: 4ms)
 GET /dashboard/hosts/events/ev-002?tab=overview 200 in 52ms (compile: 12ms, render: 40ms)
 GET /manifest.webmanifest 200 in 8ms (compile: 3ms, render: 5ms)
✓ Compiled in 626ms
 GET /dashboard/hosts/events/ev-002?tab=overview 200 in 166ms (compile: 105ms, render: 61ms)
 GET /manifest.webmanifest 200 in 10ms (compile: 4ms, render: 6ms)
 GET /dashboard/hosts/events/ev-002?tab=vendors 200 in 44ms (compile: 13ms, render: 31ms)
 GET /manifest.webmanifest 200 in 10ms (compile: 6ms, render: 4ms)
 GET /dashboard/hosts/events/ev-002?tab=overview 200 in 58ms (compile: 17ms, render: 41ms)
 GET /manifest.webmanifest 200 in 12ms (compile: 6ms, render: 6ms)
 GET /dashboard/hosts/events/ev-002?tab=vendors 200 in 43ms (compile: 13ms, render: 30ms)
 GET /manifest.webmanifest 200 in 9ms (compile: 4ms, render: 5ms)
 GET /dashboard/hosts/events/ev-002?tab=overview 200 in 105ms (compile: 53ms, render: 51ms)
 GET /manifest.webmanifest 200 in 8ms (compile: 3ms, render: 4ms)
 GET /dashboard/hosts/events/ev-002?tab=vendors 200 in 34ms (compile: 4ms, render: 30ms)
 GET /manifest.webmanifest 200 in 8ms (compile: 4ms, render: 4ms)
 GET /dashboard/hosts/events/ev-002?tab=guests 200 in 42ms (compile: 14ms, render: 28ms)
 GET /manifest.webmanifest 200 in 7ms (compile: 4ms, render: 3ms)
 GET /dashboard/hosts/events/ev-002?tab=overview 200 in 37ms (compile: 10ms, render: 27ms)
 GET /manifest.webmanifest 200 in 7ms (compile: 3ms, render: 5ms)
 GET /dashboard/hosts/events/ev-002?tab=vendors 200 in 41ms (compile: 4ms, render: 37ms)
 GET /manifest.webmanifest 200 in 11ms (compile: 3ms, render: 8ms)
 GET /dashboard/hosts/events/ev-002?tab=guests 200 in 53ms (compile: 15ms, render: 38ms)
 GET /manifest.webmanifest 200 in 8ms (compile: 3ms, render: 4ms)
✓ Compiled in 321ms
✓ Compiled in 512ms
 GET /dashboard/hosts/events/ev-002?tab=tickets 200 in 158ms (compile: 107ms, render: 50ms)
 GET /manifest.webmanifest 200 in 9ms (compile: 3ms, render: 6ms)
 GET /dashboard/hosts/events/ev-002?tab=vendors 200 in 50ms (compile: 14ms, render: 37ms)
 GET /manifest.webmanifest 200 in 11ms (compile: 5ms, render: 6ms)
 GET /dashboard/hosts/events/ev-002?tab=tickets 200 in 50ms (compile: 20ms, render: 29ms)
 GET /manifest.webmanifest 200 in 13ms (compile: 2ms, render: 11ms)
 GET /dashboard/hosts/events/ev-002?tab=contracts 200 in 43ms (compile: 11ms, render: 32ms)
 GET /manifest.webmanifest 200 in 11ms (compile: 5ms, render: 6ms)
 GET /dashboard/hosts/events/ev-002?tab=contracts 200 in 64ms (compile: 6ms, render: 58ms)
 GET /manifest.webmanifest 200 in 15ms (compile: 8ms, render: 7ms)
 GET /dashboard/hosts/events/ev-002?tab=tickets 200 in 52ms (compile: 14ms, render: 38ms)
 GET /manifest.webmanifest 200 in 8ms (compile: 3ms, render: 5ms)
 GET /dashboard/hosts/events/ev-002?tab=guests 200 in 60ms (compile: 15ms, render: 45ms)
 GET /manifest.webmanifest 200 in 10ms (compile: 3ms, render: 6ms)
 GET /dashboard/hosts/events/ev-002?tab=tickets 200 in 52ms (compile: 6ms, render: 45ms)
 GET /manifest.webmanifest 200 in 12ms (compile: 4ms, render: 7ms)
 GET /dashboard/hosts/events/ev-002?tab=tickets 200 in 610ms (compile: 13ms, render: 597ms)
 GET /manifest.webmanifest 200 in 79ms (compile: 69ms, render: 10ms)
 GET /dashboard/hosts/events/ev-002?tab=contracts 200 in 63ms (compile: 15ms, render: 47ms)
 GET /manifest.webmanifest 200 in 17ms (compile: 7ms, render: 10ms)
✓ Compiled in 397ms
 GET /dashboard/hosts/events/ev-002?tab=guests 200 in 176ms (compile: 140ms, render: 36ms)
 GET /manifest.webmanifest 200 in 12ms (compile: 8ms, render: 4ms)
✓ Compiled in 322ms
 GET /dashboard/hosts/events/ev-002?tab=guests 200 in 445ms (compile: 355ms, render: 90ms)
✓ Compiled in 504ms
 GET /manifest.webmanifest 200 in 41ms (compile: 15ms, render: 26ms)
 GET /dashboard/hosts/events/ev-002?tab=guests 200 in 1131ms (compile: 231ms, render: 901ms)
 GET /manifest.webmanifest 200 in 14ms (compile: 4ms, render: 9ms)
✓ Compiled in 594ms
 GET /dashboard/hosts/events/ev-002?tab=vendors 200 in 371ms (compile: 299ms, render: 72ms)
 GET /manifest.webmanifest 200 in 14ms (compile: 4ms, render: 9ms)
 GET /dashboard/hosts/events/ev-002?tab=overview 200 in 55ms (compile: 4ms, render: 50ms)
 GET /manifest.webmanifest 200 in 13ms (compile: 4ms, render: 9ms)
 GET /dashboard/hosts/events/ev-002?tab=vendors 200 in 63ms (compile: 18ms, render: 45ms)
 GET /manifest.webmanifest 200 in 10ms (compile: 3ms, render: 7ms)
 GET /dashboard/hosts/events/ev-002?tab=guests 200 in 63ms (compile: 15ms, render: 47ms)
 GET /manifest.webmanifest 200 in 12ms (compile: 4ms, render: 8ms)
 GET /dashboard/hosts/events/ev-002?tab=tickets 200 in 76ms (compile: 21ms, render: 55ms)
 GET /manifest.webmanifest 200 in 8ms (compile: 4ms, render: 5ms)
 GET /dashboard/hosts/events/ev-002?tab=contracts 200 in 76ms (compile: 19ms, render: 57ms)
 GET /manifest.webmanifest 200 in 10ms (compile: 4ms, render: 7ms)
 GET /dashboard/hosts/events/ev-002?tab=guests 200 in 74ms (compile: 20ms, render: 54ms)
 GET /manifest.webmanifest 200 in 12ms (compile: 5ms, render: 7ms)
 GET /dashboard/hosts/events/ev-002?tab=vendors 200 in 195ms (compile: 13ms, render: 182ms)
 GET /manifest.webmanifest 200 in 17ms (compile: 7ms, render: 10ms)
 GET /dashboard/hosts/events/ev-002?tab=inbox 200 in 76ms (compile: 33ms, render: 43ms)
 GET /manifest.webmanifest 200 in 14ms (compile: 8ms, render: 7ms)
 GET /dashboard/hosts/events/ev-002?tab=itinerary 200 in 64ms (compile: 15ms, render: 50ms)
 GET /manifest.webmanifest 200 in 7ms (compile: 3ms, render: 5ms)
 GET /dashboard/hosts/events/ev-002?tab=flights 200 in 51ms (compile: 17ms, render: 34ms)
 GET /manifest.webmanifest 200 in 10ms (compile: 3ms, render: 8ms)
 GET /dashboard/hosts/chat/new?q=Find+flight+deals+for+Ademola+Photography+Workshop&flightAction=1&eventId=ev-002 200 in 1695ms (compile: 1630ms, render: 65ms)
 GET /dashboard/hosts/events/ev-002?tab=todo 200 in 106ms (compile: 28ms, render: 78ms)
 GET /manifest.webmanifest 200 in 14ms (compile: 4ms, render: 11ms)
✓ Compiled in 3.1s
✓ Compiled in 2.2s
 GET /dashboard/hosts/events/ev-002?tab=home 200 in 61ms (compile: 16ms, render: 44ms)
 GET /manifest.webmanifest 200 in 10ms (compile: 4ms, render: 6ms)
✓ Compiled in 907ms
 GET /dashboard/hosts/events/ev-002?tab=overview 200 in 280ms (compile: 218ms, render: 62ms)
 GET /manifest.webmanifest 200 in 10ms (compile: 4ms, render: 6ms)
 GET /dashboard/hosts/events/ev-002?tab=vendors 200 in 75ms (compile: 23ms, render: 52ms)
 GET /manifest.webmanifest 200 in 8ms (compile: 3ms, render: 5ms)
 GET /dashboard/hosts/events/ev-002?tab=contracts 200 in 64ms (compile: 21ms, render: 42ms)
 GET /manifest.webmanifest 200 in 8ms (compile: 3ms, render: 5ms)
 GET /dashboard/hosts/events/ev-002?tab=itinerary 200 in 78ms (compile: 18ms, render: 60ms)
 GET /manifest.webmanifest 200 in 10ms (compile: 3ms, render: 7ms)
 GET /dashboard/hosts/events/ev-002?tab=flights 200 in 77ms (compile: 21ms, render: 56ms)
 GET /manifest.webmanifest 200 in 11ms (compile: 3ms, render: 8ms)
 GET /dashboard/hosts/events/ev-002?tab=todo 200 in 97ms (compile: 9ms, render: 88ms)
 GET /manifest.webmanifest 200 in 17ms (compile: 7ms, render: 10ms)
 GET /dashboard/hosts/events 200 in 387ms (compile: 349ms, render: 38ms)
 GET /manifest.webmanifest 200 in 15ms (compile: 7ms, render: 8ms)
 GET /dashboard/hosts/events/ev-003 200 in 77ms (compile: 24ms, render: 53ms)
 GET /manifest.webmanifest 200 in 13ms (compile: 4ms, render: 8ms)
 GET /dashboard/hosts/events/ev-003?tab=overview 200 in 74ms (compile: 18ms, render: 56ms)
 GET /manifest.webmanifest 200 in 11ms (compile: 5ms, render: 6ms)
✓ Compiled in 400ms
✓ Compiled in 502ms
✓ Compiled in 369ms
 GET /dashboard/hosts/events/ev-003?tab=home 200 in 139ms (compile: 105ms, render: 34ms)
 GET /manifest.webmanifest 200 in 10ms (compile: 3ms, render: 7ms)
✓ Compiled in 228ms
✓ Compiled in 2.8s
 GET /dashboard/hosts/events 200 in 46ms (compile: 7ms, render: 39ms)
 GET /manifest.webmanifest 200 in 10ms (compile: 4ms, render: 7ms)
 GET /dashboard/hosts/search 200 in 307ms (compile: 262ms, render: 45ms)
 GET /manifest.webmanifest 200 in 10ms (compile: 3ms, render: 6ms)
 GET /dashboard/hosts/events 200 in 41ms (compile: 7ms, render: 34ms)
 GET /manifest.webmanifest 200 in 9ms (compile: 4ms, render: 5ms)
✓ Compiled in 1056ms
✓ Compiled in 461ms
 GET /dashboard/hosts/search 200 in 235ms (compile: 160ms, render: 74ms)
 GET /manifest.webmanifest 200 in 18ms (compile: 6ms, render: 12ms)
 GET /dashboard/hosts/events 200 in 140ms (compile: 95ms, render: 45ms)
 GET /manifest.webmanifest 200 in 9ms (compile: 4ms, render: 5ms)
 GET /dashboard/hosts/search 200 in 37ms (compile: 5ms, render: 33ms)
 GET /manifest.webmanifest 200 in 10ms (compile: 5ms, render: 5ms)
 GET /dashboard/hosts/search 200 in 37ms (compile: 5ms, render: 32ms)
 GET /manifest.webmanifest 200 in 10ms (compile: 4ms, render: 5ms)
 GET /dashboard/hosts/events 200 in 32ms (compile: 6ms, render: 26ms)
 GET /manifest.webmanifest 200 in 8ms (compile: 3ms, render: 5ms)
 GET /dashboard/hosts/search 200 in 26ms (compile: 3ms, render: 23ms)
 GET /manifest.webmanifest 200 in 7ms (compile: 4ms, render: 4ms)
✓ Compiled in 888ms
✓ Compiled in 698ms
✓ Compiled in 613ms
✓ Compiled in 256ms
✓ Compiled in 1453ms
 GET /dashboard/hosts/search 404 in 971ms (compile: 793ms, render: 177ms)
 GET /dashboard/hosts/search 404 in 114ms (compile: 29ms, render: 85ms)
 GET /dashboard/hosts/search 404 in 172ms (compile: 25ms, render: 147ms)
 GET /dashboard/hosts/search 404 in 94ms (compile: 15ms, render: 79ms)
 GET /dashboard/hosts/search 404 in 172ms (compile: 23ms, render: 149ms)
 GET /dashboard/hosts/search 404 in 97ms (compile: 15ms, render: 82ms)
 GET /dashboard/hosts/search 404 in 123ms (compile: 25ms, render: 98ms)
 GET /dashboard/hosts/search 404 in 105ms (compile: 24ms, render: 81ms)
 GET /dashboard/hosts/search 404 in 218ms (compile: 26ms, render: 192ms)
 GET /dashboard/hosts/search 404 in 727ms (compile: 23ms, render: 705ms)
 GET /dashboard/hosts/search 404 in 635ms (compile: 17ms, render: 618ms)
 GET /dashboard/hosts/search 404 in 544ms (compile: 450ms, render: 94ms)
 GET /dashboard/hosts/search 404 in 115ms (compile: 40ms, render: 75ms)
 GET /dashboard/hosts/search 404 in 691ms (compile: 34ms, render: 657ms)
 GET /manifest.webmanifest 200 in 584ms (compile: 573ms, render: 11ms)
 GET /dashboard/hosts/events 200 in 1162ms (compile: 319ms, render: 843ms)
 GET /dashboard/hosts/events 200 in 1191ms (compile: 431ms, render: 761ms)
 GET /dashboard/hosts/search 200 in 2.3s (compile: 2.0s, render: 215ms)
 GET /dashboard/hosts/events 200 in 640ms (compile: 355ms, render: 285ms)
 GET /dashboard/hosts/events 200 in 738ms (compile: 350ms, render: 389ms)
 GET /dashboard/hosts/search 200 in 733ms (compile: 281ms, render: 452ms)
 GET /dashboard/hosts/search 200 in 247ms (compile: 7ms, render: 240ms)
 GET /dashboard/hosts/events 200 in 331ms (compile: 85ms, render: 246ms)
 GET /dashboard/hosts/search 200 in 368ms (compile: 7ms, render: 361ms)
 GET /dashboard/hosts/search 200 in 328ms (compile: 45ms, render: 284ms)
 GET /dashboard/hosts/events 200 in 332ms (compile: 11ms, render: 321ms)
 GET /dashboard/hosts/events 200 in 245ms (compile: 7ms, render: 238ms)
 GET /dashboard/hosts/events 200 in 245ms (compile: 51ms, render: 194ms)
 GET /dashboard/hosts/search 200 in 318ms (compile: 72ms, render: 246ms)
 GET /dashboard/hosts/events 200 in 328ms (compile: 8ms, render: 320ms)
 GET /dashboard/hosts/search 200 in 474ms (compile: 46ms, render: 428ms)
 GET /dashboard/hosts/events 200 in 478ms (compile: 10ms, render: 467ms)
 GET /dashboard/hosts/events 200 in 359ms (compile: 7ms, render: 352ms)
 GET /dashboard/hosts/events 200 in 364ms (compile: 50ms, render: 314ms)
 GET /dashboard/hosts/search 200 in 458ms (compile: 6ms, render: 453ms)
 GET /dashboard/hosts/events 200 in 463ms (compile: 6ms, render: 457ms)
 GET /dashboard/hosts/events 200 in 347ms (compile: 19ms, render: 327ms)
 GET /dashboard/hosts/search 200 in 345ms (compile: 63ms, render: 282ms)
 GET /dashboard/hosts/search 200 in 213ms (compile: 9ms, render: 204ms)
 GET /dashboard/hosts/events 200 in 260ms (compile: 51ms, render: 209ms)
 GET /dashboard/hosts/search 200 in 244ms (compile: 6ms, render: 238ms)
 GET /dashboard/hosts/search 200 in 322ms (compile: 5ms, render: 317ms)
 GET /dashboard/hosts/events 200 in 455ms (compile: 7ms, render: 448ms)
 GET /dashboard/hosts/search 200 in 410ms (compile: 8ms, render: 401ms)
 GET /dashboard/hosts/search 200 in 410ms (compile: 52ms, render: 358ms)
 GET /dashboard/hosts/events 200 in 326ms (compile: 8ms, render: 319ms)
 GET /dashboard/hosts/search 200 in 209ms (compile: 7ms, render: 202ms)
 GET /dashboard/hosts/events 200 in 147ms (compile: 6ms, render: 141ms)
 GET /dashboard/hosts/search 200 in 364ms (compile: 15ms, render: 349ms)
 GET /dashboard/hosts/events 200 in 253ms (compile: 6ms, render: 247ms)
 GET /dashboard/hosts/search 200 in 241ms (compile: 8ms, render: 233ms)
 GET /dashboard/hosts/events 200 in 237ms (compile: 45ms, render: 191ms)
 GET /dashboard/hosts/search 200 in 249ms (compile: 7ms, render: 242ms)
 GET /dashboard/hosts/search 200 in 199ms (compile: 5ms, render: 194ms)
 GET /dashboard/hosts/events 200 in 277ms (compile: 7ms, render: 270ms)
 GET /dashboard/hosts/search 200 in 237ms (compile: 6ms, render: 231ms)
 GET /dashboard/hosts/search 200 in 226ms (compile: 6ms, render: 220ms)
 GET /dashboard/hosts/events 200 in 224ms (compile: 5ms, render: 219ms)
 GET /dashboard/hosts/search 200 in 225ms (compile: 38ms, render: 186ms)
 GET /dashboard/hosts/search 200 in 197ms (compile: 5ms, render: 192ms)
 GET /dashboard/hosts/events 200 in 246ms (compile: 8ms, render: 238ms)
 GET /dashboard/hosts/search 200 in 206ms (compile: 5ms, render: 201ms)
 GET /dashboard/hosts/search 200 in 211ms (compile: 8ms, render: 203ms)
 GET /dashboard/hosts/events 200 in 210ms (compile: 6ms, render: 204ms)
 GET /dashboard/hosts/search 200 in 209ms (compile: 46ms, render: 163ms)
 GET /dashboard/hosts/search 200 in 175ms (compile: 4ms, render: 171ms)
 GET /dashboard/hosts/events 200 in 257ms (compile: 7ms, render: 251ms)
 GET /dashboard/hosts/search 200 in 216ms (compile: 6ms, render: 210ms)
 GET /dashboard/hosts/search 200 in 217ms (compile: 13ms, render: 203ms)
 GET /dashboard/hosts/events 200 in 204ms (compile: 6ms, render: 197ms)
 GET /dashboard/hosts/search 200 in 206ms (compile: 42ms, render: 164ms)
 GET /dashboard/hosts/search 200 in 204ms (compile: 5ms, render: 198ms)
 GET /dashboard/hosts/events 200 in 236ms (compile: 5ms, render: 231ms)
 GET /dashboard/hosts/search 200 in 202ms (compile: 6ms, render: 196ms)
 GET /dashboard/hosts/search 200 in 209ms (compile: 7ms, render: 202ms)
 GET /dashboard/hosts/events 200 in 227ms (compile: 7ms, render: 220ms)
 GET /dashboard/hosts/search 200 in 236ms (compile: 38ms, render: 199ms)
 GET /dashboard/hosts/search 200 in 268ms (compile: 4ms, render: 265ms)
 GET /dashboard/hosts/events 200 in 347ms (compile: 7ms, render: 340ms)
 GET /dashboard/hosts/search 200 in 309ms (compile: 5ms, render: 304ms)
 GET /dashboard/hosts/search 200 in 300ms (compile: 22ms, render: 278ms)
 GET /dashboard/hosts/events 200 in 281ms (compile: 6ms, render: 275ms)
 GET /dashboard/hosts/search 200 in 284ms (compile: 9ms, render: 275ms)
 GET /dashboard/hosts/search 200 in 329ms (compile: 7ms, render: 322ms)
 GET /dashboard/hosts/events 200 in 312ms (compile: 9ms, render: 303ms)
 GET /dashboard/hosts/search 200 in 265ms (compile: 7ms, render: 257ms)
 GET /dashboard/hosts/search 200 in 300ms (compile: 54ms, render: 245ms)
 GET /dashboard/hosts/events 200 in 241ms (compile: 10ms, render: 232ms)
 GET /dashboard/hosts/search 200 in 230ms (compile: 12ms, render: 217ms)
 GET /dashboard/hosts/search 200 in 258ms (compile: 6ms, render: 251ms)
 GET /dashboard/hosts/events 200 in 263ms (compile: 8ms, render: 255ms)
 GET /dashboard/hosts/search 200 in 225ms (compile: 4ms, render: 222ms)
 GET /dashboard/hosts/search 200 in 242ms (compile: 14ms, render: 228ms)
 GET /dashboard/hosts/events 200 in 236ms (compile: 5ms, render: 231ms)
 GET /dashboard/hosts/search 200 in 238ms (compile: 6ms, render: 231ms)
 GET /dashboard/hosts/search 200 in 242ms (compile: 5ms, render: 237ms)
 GET /dashboard/hosts/events 200 in 263ms (compile: 8ms, render: 254ms)
 GET /dashboard/hosts/search 200 in 434ms (compile: 7ms, render: 428ms)
 GET /dashboard/hosts/search 200 in 408ms (compile: 7ms, render: 401ms)
 GET /dashboard/hosts/events 200 in 372ms (compile: 5ms, render: 367ms)
 GET /dashboard/hosts/search 200 in 341ms (compile: 11ms, render: 330ms)
 GET /dashboard/hosts/search 200 in 351ms (compile: 14ms, render: 337ms)
 GET /dashboard/hosts/events 200 in 288ms (compile: 8ms, render: 280ms)
 GET /dashboard/hosts/search 200 in 1166ms (compile: 692ms, render: 474ms)
 GET /dashboard/hosts/search 200 in 1166ms (compile: 629ms, render: 538ms)
 GET /dashboard/hosts/events 404 in 1145ms (compile: 826ms, render: 318ms)
 GET /dashboard/hosts/search 200 in 408ms (compile: 156ms, render: 252ms)
 GET /dashboard/hosts/search 200 in 260ms (compile: 59ms, render: 200ms)
 GET /dashboard/hosts/events 200 in 314ms (compile: 9ms, render: 305ms)
 GET /dashboard/hosts/search 200 in 353ms (compile: 14ms, render: 339ms)
 GET /dashboard/hosts/events 200 in 346ms (compile: 86ms, render: 260ms)
 GET /dashboard/hosts/search 200 in 229ms (compile: 5ms, render: 224ms)
 GET /dashboard/hosts/events 200 in 270ms (compile: 8ms, render: 262ms)
 GET /dashboard/hosts/search 200 in 218ms (compile: 18ms, render: 200ms)
 GET /dashboard/hosts/events 200 in 250ms (compile: 7ms, render: 243ms)
 GET /dashboard/hosts/search 200 in 304ms (compile: 7ms, render: 297ms)
 GET /dashboard/hosts/events 200 in 305ms (compile: 39ms, render: 265ms)
 GET /dashboard/hosts/search 200 in 263ms (compile: 6ms, render: 256ms)
 GET /dashboard/hosts/search 200 in 256ms (compile: 5ms, render: 250ms)
 GET /dashboard/hosts/events 200 in 257ms (compile: 71ms, render: 186ms)
 GET /dashboard/hosts/search 200 in 227ms (compile: 3ms, render: 223ms)
 GET /dashboard/hosts/search 200 in 249ms (compile: 4ms, render: 246ms)
 GET /dashboard/hosts/events 200 in 216ms (compile: 5ms, render: 212ms)
 GET /dashboard/hosts/search 200 in 184ms (compile: 6ms, render: 177ms)
 GET /dashboard/hosts/search 200 in 232ms (compile: 5ms, render: 226ms)
 GET /dashboard/hosts/events 200 in 241ms (compile: 14ms, render: 228ms)
 GET /dashboard/hosts/search 200 in 236ms (compile: 5ms, render: 231ms)
 GET /dashboard/hosts/search 200 in 292ms (compile: 5ms, render: 287ms)
 GET /dashboard/hosts/events 200 in 255ms (compile: 6ms, render: 249ms)
 GET /dashboard/hosts/search 200 in 212ms (compile: 6ms, render: 205ms)
 GET /dashboard/hosts/search 200 in 225ms (compile: 5ms, render: 220ms)
 GET /dashboard/hosts/events 200 in 220ms (compile: 7ms, render: 212ms)
 GET /dashboard/hosts/search 200 in 212ms (compile: 8ms, render: 204ms)
 GET /dashboard/hosts/search 200 in 220ms (compile: 5ms, render: 215ms)
 GET /dashboard/hosts/events 200 in 185ms (compile: 4ms, render: 181ms)
 GET /dashboard/hosts/search 200 in 184ms (compile: 6ms, render: 178ms)
 GET /dashboard/hosts/search 200 in 150ms (compile: 6ms, render: 144ms)
 GET /dashboard/hosts/events 200 in 238ms (compile: 10ms, render: 228ms)
 GET /dashboard/hosts/search 200 in 237ms (compile: 4ms, render: 233ms)
 GET /dashboard/hosts/search 200 in 275ms (compile: 3ms, render: 271ms)
 GET /dashboard/hosts/events 200 in 245ms (compile: 6ms, render: 238ms)
 GET /dashboard/hosts/search 200 in 220ms (compile: 18ms, render: 202ms)
 GET /dashboard/hosts/search 200 in 244ms (compile: 64ms, render: 180ms)
 GET /dashboard/hosts/events 200 in 175ms (compile: 5ms, render: 170ms)
 GET /dashboard/hosts/search 200 in 172ms (compile: 4ms, render: 168ms)
 GET /dashboard/hosts/search 200 in 211ms (compile: 4ms, render: 207ms)
 GET /dashboard/hosts/events 200 in 212ms (compile: 36ms, render: 176ms)
 GET /dashboard/hosts/search 200 in 154ms (compile: 4ms, render: 150ms)
 GET /dashboard/hosts/search 200 in 191ms (compile: 5ms, render: 186ms)
 GET /dashboard/hosts/events 200 in 164ms (compile: 12ms, render: 153ms)
 GET /dashboard/hosts/search 200 in 158ms (compile: 4ms, render: 155ms)
 GET /dashboard/hosts/events 200 in 231ms (compile: 36ms, render: 196ms)
 GET /dashboard/hosts/search 200 in 236ms (compile: 7ms, render: 229ms)
 GET /dashboard/hosts/search 200 in 169ms (compile: 7ms, render: 162ms)
 GET /dashboard/hosts/search 200 in 195ms (compile: 5ms, render: 189ms)
 GET /dashboard/hosts/events 200 in 194ms (compile: 56ms, render: 138ms)
 GET /dashboard/hosts/search 200 in 179ms (compile: 4ms, render: 175ms)
 GET /dashboard/hosts/events 200 in 205ms (compile: 33ms, render: 172ms)
 GET /dashboard/hosts/search 200 in 207ms (compile: 6ms, render: 201ms)
 GET /dashboard/hosts/search 200 in 208ms (compile: 7ms, render: 201ms)
 GET /dashboard/hosts/search 200 in 179ms (compile: 4ms, render: 175ms)
 GET /dashboard/hosts/events 200 in 181ms (compile: 36ms, render: 144ms)
 GET /dashboard/hosts/search 200 in 155ms (compile: 4ms, render: 150ms)
 GET /dashboard/hosts/search 200 in 242ms (compile: 5ms, render: 236ms)
 GET /dashboard/hosts/events 200 in 243ms (compile: 33ms, render: 210ms)
 GET /dashboard/hosts/search 200 in 245ms (compile: 6ms, render: 239ms)
 GET /dashboard/hosts/search 200 in 209ms (compile: 8ms, render: 201ms)
 GET /dashboard/hosts/events 200 in 210ms (compile: 44ms, render: 166ms)
 GET /dashboard/hosts/search 200 in 239ms (compile: 3ms, render: 236ms)
 GET /dashboard/hosts/search 200 in 214ms (compile: 5ms, render: 208ms)
 GET /dashboard/hosts/events 200 in 180ms (compile: 3ms, render: 177ms)
 GET /dashboard/hosts/search 200 in 219ms (compile: 7ms, render: 212ms)
 GET /dashboard/hosts/search 200 in 191ms (compile: 5ms, render: 185ms)
 GET /dashboard/hosts/events 200 in 191ms (compile: 34ms, render: 156ms)
 GET /dashboard/hosts/search 200 in 223ms (compile: 4ms, render: 220ms)
 GET /dashboard/hosts/search 200 in 233ms (compile: 5ms, render: 229ms)
 GET /dashboard/hosts/events 200 in 198ms (compile: 4ms, render: 194ms)
 GET /dashboard/hosts/search 200 in 198ms (compile: 7ms, render: 192ms)
 GET /dashboard/hosts/events 200 in 193ms (compile: 32ms, render: 161ms)
 GET /dashboard/hosts/search 200 in 198ms (compile: 7ms, render: 191ms)
 GET /dashboard/hosts/search 200 in 231ms (compile: 3ms, render: 228ms)
 GET /dashboard/hosts/search 200 in 225ms (compile: 5ms, render: 220ms)
 GET /dashboard/hosts/events 200 in 188ms (compile: 7ms, render: 182ms)
 GET /dashboard/hosts/search 200 in 184ms (compile: 5ms, render: 178ms)
 GET /dashboard/hosts/search 200 in 184ms (compile: 5ms, render: 179ms)
 GET /dashboard/hosts/events 200 in 185ms (compile: 32ms, render: 153ms)
 GET /dashboard/hosts/search 200 in 215ms (compile: 5ms, render: 210ms)
 GET /dashboard/hosts/search 200 in 216ms (compile: 4ms, render: 212ms)
 GET /dashboard/hosts/events 200 in 185ms (compile: 4ms, render: 181ms)
 GET /dashboard/hosts/search 200 in 217ms (compile: 7ms, render: 210ms)
 GET /dashboard/hosts/search 200 in 216ms (compile: 37ms, render: 179ms)
 GET /dashboard/hosts/events 200 in 155ms (compile: 4ms, render: 151ms)
 GET /dashboard/hosts/search 200 in 230ms (compile: 4ms, render: 226ms)
 GET /dashboard/hosts/search 200 in 244ms (compile: 5ms, render: 239ms)
 GET /dashboard/hosts/events 200 in 208ms (compile: 5ms, render: 204ms)
 GET /dashboard/hosts/search 200 in 250ms (compile: 5ms, render: 245ms)
 GET /dashboard/hosts/search 200 in 251ms (compile: 39ms, render: 212ms)
 GET /dashboard/hosts/events 200 in 187ms (compile: 12ms, render: 175ms)
 GET /dashboard/hosts/search 200 in 265ms (compile: 4ms, render: 262ms)
 GET /dashboard/hosts/search 200 in 256ms (compile: 5ms, render: 252ms)
 GET /dashboard/hosts/events 200 in 259ms (compile: 40ms, render: 219ms)
 GET /dashboard/hosts/search 200 in 246ms (compile: 6ms, render: 240ms)
 GET /dashboard/hosts/search 200 in 212ms (compile: 5ms, render: 206ms)
 GET /dashboard/hosts/events 200 in 212ms (compile: 43ms, render: 169ms)
 GET /dashboard/hosts/search 200 in 244ms (compile: 5ms, render: 239ms)
 GET /dashboard/hosts/search 200 in 234ms (compile: 5ms, render: 229ms)
 GET /dashboard/hosts/events 200 in 201ms (compile: 4ms, render: 196ms)
 GET /dashboard/hosts/search 200 in 243ms (compile: 5ms, render: 237ms)
 GET /dashboard/hosts/search 200 in 215ms (compile: 4ms, render: 211ms)
 GET /dashboard/hosts/events 200 in 217ms (compile: 33ms, render: 183ms)
 GET /dashboard/hosts/search 200 in 271ms (compile: 5ms, render: 266ms)
 GET /dashboard/hosts/search 200 in 302ms (compile: 5ms, render: 297ms)
 GET /dashboard/hosts/events 200 in 307ms (compile: 38ms, render: 269ms)
 GET /dashboard/hosts/search 200 in 618ms (compile: 8ms, render: 610ms)
 GET /dashboard/hosts/events 200 in 570ms (compile: 51ms, render: 520ms)
 GET /dashboard/hosts/search 200 in 574ms (compile: 7ms, render: 566ms)
 GET /dashboard/hosts/search 200 in 610ms (compile: 5ms, render: 606ms)
 GET /dashboard/hosts/search 200 in 571ms (compile: 5ms, render: 566ms)
 GET /dashboard/hosts/events 200 in 447ms (compile: 61ms, render: 386ms)
 GET /dashboard/hosts/search 200 in 278ms (compile: 5ms, render: 273ms)
 GET /dashboard/hosts/search 200 in 238ms (compile: 9ms, render: 229ms)
 GET /dashboard/hosts/events 200 in 238ms (compile: 43ms, render: 195ms)
 GET /dashboard/hosts/search 200 in 253ms (compile: 4ms, render: 249ms)
 GET /dashboard/hosts/search 200 in 256ms (compile: 8ms, render: 248ms)
 GET /dashboard/hosts/events 200 in 212ms (compile: 5ms, render: 207ms)
 GET /dashboard/hosts/search 200 in 238ms (compile: 5ms, render: 234ms)
 GET /dashboard/hosts/search 200 in 239ms (compile: 38ms, render: 201ms)
 GET /dashboard/hosts/events 200 in 239ms (compile: 70ms, render: 169ms)
 GET /dashboard/hosts/search 200 in 256ms (compile: 5ms, render: 251ms)
 GET /dashboard/hosts/search 200 in 254ms (compile: 6ms, render: 247ms)
 GET /dashboard/hosts/events 200 in 215ms (compile: 4ms, render: 211ms)
 GET /dashboard/hosts/search 200 in 236ms (compile: 42ms, render: 195ms)
 GET /dashboard/hosts/search 200 in 239ms (compile: 4ms, render: 234ms)
 GET /dashboard/hosts/events 200 in 240ms (compile: 74ms, render: 166ms)
 GET /dashboard/hosts/search 200 in 236ms (compile: 5ms, render: 231ms)
 GET /dashboard/hosts/search 200 in 234ms (compile: 4ms, render: 230ms)
 GET /dashboard/hosts/events 200 in 207ms (compile: 4ms, render: 203ms)
 GET /dashboard/hosts/search 200 in 228ms (compile: 6ms, render: 223ms)
 GET /dashboard/hosts/search 200 in 228ms (compile: 40ms, render: 188ms)
 GET /dashboard/hosts/events 200 in 155ms (compile: 5ms, render: 150ms)
 GET /dashboard/hosts/search 200 in 234ms (compile: 4ms, render: 230ms)
 GET /dashboard/hosts/search 200 in 232ms (compile: 6ms, render: 226ms)
 GET /dashboard/hosts/events 200 in 200ms (compile: 3ms, render: 197ms)
 GET /dashboard/hosts/search 200 in 240ms (compile: 7ms, render: 233ms)
 GET /dashboard/hosts/search 200 in 244ms (compile: 41ms, render: 203ms)
 GET /dashboard/hosts/events 200 in 172ms (compile: 11ms, render: 161ms)
 GET /dashboard/hosts/search 200 in 244ms (compile: 6ms, render: 238ms)
 GET /dashboard/hosts/search 200 in 255ms (compile: 4ms, render: 250ms)
 GET /dashboard/hosts/events 200 in 220ms (compile: 5ms, render: 216ms)
 GET /dashboard/hosts/search 200 in 249ms (compile: 8ms, render: 241ms)
 GET /dashboard/hosts/search 200 in 253ms (compile: 50ms, render: 203ms)
 GET /dashboard/hosts/events 200 in 176ms (compile: 5ms, render: 171ms)
 GET /dashboard/hosts/search 200 in 407ms (compile: 4ms, render: 403ms)
 GET /dashboard/hosts/search 200 in 420ms (compile: 6ms, render: 414ms)
 GET /dashboard/hosts/events 200 in 388ms (compile: 5ms, render: 383ms)
 GET /dashboard/hosts/search 200 in 473ms (compile: 5ms, render: 468ms)
 GET /dashboard/hosts/search 200 in 477ms (compile: 40ms, render: 438ms)
 GET /dashboard/hosts/events 200 in 286ms (compile: 18ms, render: 268ms)
 GET /dashboard/hosts/search 200 in 330ms (compile: 6ms, render: 324ms)
 GET /dashboard/hosts/search 200 in 316ms (compile: 9ms, render: 307ms)
 GET /dashboard/hosts/events 200 in 270ms (compile: 9ms, render: 261ms)
 GET /dashboard/hosts/search 200 in 258ms (compile: 7ms, render: 251ms)
 GET /dashboard/hosts/search 200 in 261ms (compile: 40ms, render: 221ms)
 GET /dashboard/hosts/events 200 in 190ms (compile: 6ms, render: 184ms)
 GET /dashboard/hosts/search 200 in 335ms (compile: 5ms, render: 330ms)
 GET /dashboard/hosts/search 200 in 292ms (compile: 5ms, render: 287ms)
 GET /dashboard/hosts/events 200 in 259ms (compile: 5ms, render: 254ms)
 GET /dashboard/hosts/search 200 in 219ms (compile: 7ms, render: 212ms)
 GET /dashboard/hosts/search 200 in 182ms (compile: 12ms, render: 170ms)
 GET /dashboard/hosts/events 200 in 179ms (compile: 48ms, render: 131ms)
 GET /dashboard/hosts/search 200 in 1170ms (compile: 793ms, render: 377ms)
 GET /dashboard/hosts/events 200 in 1156ms (compile: 585ms, render: 571ms)
 GET /dashboard/hosts/search 200 in 1171ms (compile: 858ms, render: 314ms)
 GET /dashboard/hosts/search 200 in 338ms (compile: 9ms, render: 329ms)
 GET /dashboard/hosts/events 200 in 342ms (compile: 96ms, render: 246ms)
 GET /dashboard/hosts/search 200 in 342ms (compile: 157ms, render: 185ms)
 GET /dashboard/hosts/events 200 in 322ms (compile: 7ms, render: 315ms)
 GET /dashboard/hosts/search 200 in 323ms (compile: 60ms, render: 263ms)
 GET /dashboard/hosts/search 200 in 321ms (compile: 7ms, render: 314ms)
 GET /dashboard/hosts/events 200 in 321ms (compile: 38ms, render: 283ms)
 GET /dashboard/hosts/search 200 in 323ms (compile: 105ms, render: 218ms)
 GET /dashboard/hosts/search 200 in 305ms (compile: 6ms, render: 299ms)
 GET /dashboard/hosts/events 200 in 309ms (compile: 5ms, render: 303ms)
 GET /dashboard/hosts/search 200 in 267ms (compile: 6ms, render: 261ms)
 GET /dashboard/hosts/search 200 in 298ms (compile: 6ms, render: 292ms)
 GET /dashboard/hosts/events 200 in 255ms (compile: 5ms, render: 250ms)
 GET /dashboard/hosts/search 200 in 258ms (compile: 44ms, render: 214ms)
 GET /dashboard/hosts/search 200 in 317ms (compile: 5ms, render: 312ms)
 GET /dashboard/hosts/events 200 in 314ms (compile: 6ms, render: 308ms)
 GET /dashboard/hosts/search 200 in 274ms (compile: 11ms, render: 263ms)
 GET /dashboard/hosts/search 200 in 306ms (compile: 8ms, render: 298ms)
 GET /dashboard/hosts/events 200 in 306ms (compile: 52ms, render: 254ms)
 GET /dashboard/hosts/search 200 in 215ms (compile: 8ms, render: 206ms)
 GET /dashboard/hosts/search 200 in 280ms (compile: 5ms, render: 275ms)
 GET /dashboard/hosts/events 200 in 261ms (compile: 5ms, render: 255ms)
 GET /dashboard/hosts/search 200 in 220ms (compile: 5ms, render: 215ms)
 GET /dashboard/hosts/search 200 in 241ms (compile: 6ms, render: 235ms)
 GET /dashboard/hosts/events 200 in 242ms (compile: 43ms, render: 199ms)
 GET /dashboard/hosts/search 200 in 174ms (compile: 4ms, render: 170ms)
 GET /dashboard/hosts/search 200 in 272ms (compile: 4ms, render: 268ms)
 GET /dashboard/hosts/events 200 in 267ms (compile: 4ms, render: 263ms)
 GET /dashboard/hosts/search 200 in 237ms (compile: 3ms, render: 233ms)
 GET /dashboard/hosts/search 200 in 266ms (compile: 5ms, render: 261ms)
 GET /dashboard/hosts/events 200 in 237ms (compile: 8ms, render: 229ms)
 GET /dashboard/hosts/search 200 in 235ms (compile: 40ms, render: 194ms)
 GET /dashboard/hosts/search 200 in 244ms (compile: 4ms, render: 240ms)
 GET /dashboard/hosts/events 200 in 249ms (compile: 5ms, render: 244ms)
 GET /dashboard/hosts/search 200 in 215ms (compile: 4ms, render: 211ms)
 GET /dashboard/hosts/search 200 in 247ms (compile: 5ms, render: 241ms)
 GET /dashboard/hosts/search 200 in 215ms (compile: 37ms, render: 178ms)
 GET /dashboard/hosts/events 200 in 219ms (compile: 5ms, render: 214ms)
 GET /dashboard/hosts/search 200 in 268ms (compile: 4ms, render: 264ms)
 GET /dashboard/hosts/events 200 in 259ms (compile: 7ms, render: 252ms)
 GET /dashboard/hosts/search 200 in 223ms (compile: 4ms, render: 219ms)
 GET /dashboard/hosts/search 200 in 268ms (compile: 6ms, render: 262ms)
 GET /dashboard/hosts/events 200 in 243ms (compile: 7ms, render: 236ms)
 GET /dashboard/hosts/search 200 in 242ms (compile: 46ms, render: 196ms)
 GET /dashboard/hosts/search 200 in 277ms (compile: 4ms, render: 273ms)
 GET /dashboard/hosts/events 200 in 243ms (compile: 8ms, render: 236ms)
 GET /dashboard/hosts/search 200 in 289ms (compile: 7ms, render: 282ms)
 GET /dashboard/hosts/search 200 in 237ms (compile: 7ms, render: 230ms)
 GET /dashboard/hosts/events 200 in 234ms (compile: 5ms, render: 230ms)
 GET /dashboard/hosts/search 200 in 244ms (compile: 5ms, render: 239ms)
 GET /dashboard/hosts/search 200 in 305ms (compile: 6ms, render: 299ms)
 GET /dashboard/hosts/events 200 in 259ms (compile: 5ms, render: 254ms)
 GET /dashboard/hosts/search 200 in 306ms (compile: 7ms, render: 300ms)
 GET /dashboard/hosts/search 200 in 260ms (compile: 4ms, render: 256ms)
 GET /dashboard/hosts/events 200 in 217ms (compile: 6ms, render: 211ms)
 GET /dashboard/hosts/search 200 in 258ms (compile: 6ms, render: 252ms)
 GET /dashboard/hosts/search 200 in 272ms (compile: 5ms, render: 268ms)
 GET /dashboard/hosts/events 200 in 228ms (compile: 5ms, render: 222ms)
 GET /dashboard/hosts/search 200 in 264ms (compile: 7ms, render: 257ms)
 GET /dashboard/hosts/search 200 in 225ms (compile: 15ms, render: 210ms)
 GET /dashboard/hosts/events 200 in 174ms (compile: 5ms, render: 168ms)
 GET /dashboard/hosts/search 200 in 226ms (compile: 3ms, render: 223ms)
 GET /dashboard/hosts/search 200 in 268ms (compile: 6ms, render: 262ms)
 GET /dashboard/hosts/events 200 in 237ms (compile: 12ms, render: 225ms)
 GET /dashboard/hosts/search 200 in 257ms (compile: 6ms, render: 251ms)
 GET /dashboard/hosts/search 200 in 218ms (compile: 5ms, render: 213ms)
 GET /dashboard/hosts/events 200 in 216ms (compile: 5ms, render: 210ms)
 GET /dashboard/hosts/search 200 in 245ms (compile: 4ms, render: 241ms)
 GET /dashboard/hosts/search 200 in 235ms (compile: 4ms, render: 232ms)
 GET /dashboard/hosts/events 200 in 202ms (compile: 4ms, render: 198ms)
 GET /dashboard/hosts/search 200 in 206ms (compile: 4ms, render: 201ms)
 GET /dashboard/hosts/search 200 in 259ms (compile: 4ms, render: 255ms)
 GET /dashboard/hosts/events 200 in 228ms (compile: 3ms, render: 225ms)
 GET /dashboard/hosts/search 200 in 286ms (compile: 4ms, render: 281ms)
 GET /dashboard/hosts/search 200 in 305ms (compile: 5ms, render: 300ms)
 GET /dashboard/hosts/events 200 in 267ms (compile: 8ms, render: 259ms)
 GET /dashboard/hosts/search 200 in 262ms (compile: 5ms, render: 257ms)
 GET /dashboard/hosts/search 200 in 270ms (compile: 7ms, render: 263ms)
 GET /dashboard/hosts/events 200 in 237ms (compile: 4ms, render: 233ms)
 GET /dashboard/hosts/search 200 in 247ms (compile: 5ms, render: 242ms)
 GET /dashboard/hosts/search 200 in 279ms (compile: 6ms, render: 273ms)
 GET /dashboard/hosts/events 200 in 247ms (compile: 5ms, render: 242ms)
 GET /dashboard/hosts/search 200 in 333ms (compile: 4ms, render: 329ms)
 GET /dashboard/hosts/search 200 in 331ms (compile: 7ms, render: 325ms)
 GET /dashboard/hosts/events 200 in 277ms (compile: 6ms, render: 271ms)
 GET /dashboard/hosts/search 200 in 284ms (compile: 5ms, render: 279ms)
 GET /dashboard/hosts/search 200 in 329ms (compile: 7ms, render: 323ms)
 GET /dashboard/hosts/events 200 in 263ms (compile: 5ms, render: 258ms)
 GET /dashboard/hosts/search 200 in 257ms (compile: 5ms, render: 252ms)
 GET /dashboard/hosts/search 200 in 299ms (compile: 7ms, render: 291ms)
 GET /dashboard/hosts/events 200 in 254ms (compile: 7ms, render: 247ms)
 GET /dashboard/hosts/search 200 in 253ms (compile: 5ms, render: 248ms)
 GET /dashboard/hosts/search 200 in 243ms (compile: 7ms, render: 236ms)
 GET /dashboard/hosts/events 200 in 234ms (compile: 6ms, render: 229ms)
 GET /dashboard/hosts/search 200 in 280ms (compile: 5ms, render: 275ms)
 GET /dashboard/hosts/search 200 in 276ms (compile: 7ms, render: 269ms)
 GET /dashboard/hosts/events 200 in 230ms (compile: 5ms, render: 225ms)
 GET /dashboard/hosts/search 200 in 220ms (compile: 5ms, render: 215ms)
 GET /dashboard/hosts/search 200 in 264ms (compile: 5ms, render: 259ms)
 GET /dashboard/hosts/events 200 in 228ms (compile: 11ms, render: 217ms)
 GET /dashboard/hosts/search 200 in 245ms (compile: 4ms, render: 241ms)
 GET /dashboard/hosts/search 200 in 244ms (compile: 5ms, render: 239ms)
 GET /dashboard/hosts/events 200 in 213ms (compile: 5ms, render: 209ms)
 GET /dashboard/hosts/search 200 in 220ms (compile: 4ms, render: 216ms)
 GET /dashboard/hosts/search 200 in 247ms (compile: 5ms, render: 242ms)
 GET /dashboard/hosts/events 200 in 351ms (compile: 4ms, render: 347ms)
 GET /dashboard/hosts/search 200 in 357ms (compile: 4ms, render: 353ms)
 GET /dashboard/hosts/search 200 in 382ms (compile: 5ms, render: 377ms)
 GET /dashboard/hosts/events 200 in 416ms (compile: 11ms, render: 406ms)
 GET /dashboard/hosts/search 200 in 482ms (compile: 11ms, render: 471ms)
 GET /dashboard/hosts/search 200 in 427ms (compile: 7ms, render: 419ms)
 GET /dashboard/hosts/events 200 in 416ms (compile: 9ms, render: 407ms)
 GET /dashboard/hosts/search 200 in 417ms (compile: 13ms, render: 404ms)
 GET /dashboard/hosts/search 200 in 342ms (compile: 8ms, render: 334ms)
 GET /dashboard/hosts/events 200 in 332ms (compile: 6ms, render: 326ms)
 GET /dashboard/hosts/search 200 in 356ms (compile: 11ms, render: 345ms)
 GET /dashboard/hosts/search 200 in 308ms (compile: 5ms, render: 303ms)
 GET /dashboard/hosts/events 200 in 367ms (compile: 5ms, render: 363ms)
 GET /dashboard/hosts/search 200 in 300ms (compile: 9ms, render: 291ms)
 GET /dashboard/hosts/search 200 in 373ms (compile: 9ms, render: 364ms)
 GET /dashboard/hosts/events 200 in 323ms (compile: 4ms, render: 318ms)
 GET /dashboard/hosts/search 200 in 387ms (compile: 5ms, render: 382ms)
 GET /dashboard/hosts/search 200 in 347ms (compile: 5ms, render: 342ms)
 GET /dashboard/hosts/events 200 in 379ms (compile: 10ms, render: 370ms)
 GET /dashboard/hosts/search 200 in 309ms (compile: 11ms, render: 298ms)
 GET /dashboard/hosts/search 200 in 316ms (compile: 9ms, render: 307ms)
 GET /dashboard/hosts/events 200 in 270ms (compile: 4ms, render: 266ms)
 GET /dashboard/hosts/search 200 in 279ms (compile: 10ms, render: 269ms)
 GET /dashboard/hosts/search 200 in 288ms (compile: 4ms, render: 284ms)
 GET /dashboard/hosts/events 200 in 342ms (compile: 6ms, render: 336ms)
 GET /dashboard/hosts/search 200 in 305ms (compile: 4ms, render: 301ms)
 GET /dashboard/hosts/search 200 in 348ms (compile: 6ms, render: 342ms)
 GET /dashboard/hosts/events 200 in 281ms (compile: 7ms, render: 273ms)
 GET /dashboard/hosts/search 200 in 301ms (compile: 5ms, render: 295ms)
 GET /dashboard/hosts/search 200 in 289ms (compile: 4ms, render: 284ms)
 GET /dashboard/hosts/events 200 in 394ms (compile: 6ms, render: 388ms)
 GET /dashboard/hosts/search 200 in 346ms (compile: 8ms, render: 338ms)
 GET /dashboard/hosts/search 200 in 353ms (compile: 7ms, render: 346ms)
 GET /dashboard/hosts/events 200 in 369ms (compile: 5ms, render: 364ms)
 GET /dashboard/hosts/search 200 in 439ms (compile: 6ms, render: 433ms)
 GET /dashboard/hosts/search 200 in 400ms (compile: 9ms, render: 391ms)
 GET /dashboard/hosts/events 200 in 420ms (compile: 5ms, render: 415ms)
 GET /dashboard/hosts/search 200 in 372ms (compile: 6ms, render: 366ms)
 GET /dashboard/hosts/search 200 in 365ms (compile: 6ms, render: 358ms)
 GET /dashboard/hosts/events 200 in 366ms (compile: 5ms, render: 360ms)
 GET /dashboard/hosts/search 200 in 357ms (compile: 13ms, render: 344ms)
 GET /dashboard/hosts/search 200 in 414ms (compile: 5ms, render: 409ms)
 GET /dashboard/hosts/events 200 in 464ms (compile: 7ms, render: 457ms)
 GET /dashboard/hosts/search 200 in 414ms (compile: 8ms, render: 406ms)
 GET /dashboard/hosts/search 200 in 402ms (compile: 7ms, render: 395ms)
 GET /dashboard/hosts/events 200 in 390ms (compile: 7ms, render: 383ms)
 GET /dashboard/hosts/search 200 in 388ms (compile: 10ms, render: 378ms)
 GET /dashboard/hosts/search 200 in 329ms (compile: 6ms, render: 324ms)
 GET /dashboard/hosts/events 200 in 413ms (compile: 7ms, render: 406ms)
 GET /dashboard/hosts/search 200 in 425ms (compile: 7ms, render: 418ms)
 GET /dashboard/hosts/search 200 in 425ms (compile: 7ms, render: 418ms)
 GET /dashboard/hosts/events 200 in 377ms (compile: 7ms, render: 370ms)
 GET /dashboard/hosts/search 200 in 371ms (compile: 6ms, render: 365ms)
 GET /dashboard/hosts/search 200 in 402ms (compile: 9ms, render: 392ms)
 GET /dashboard/hosts/events 200 in 444ms (compile: 7ms, render: 438ms)
 GET /dashboard/hosts/search 200 in 377ms (compile: 6ms, render: 372ms)
 GET /dashboard/hosts/search 200 in 421ms (compile: 8ms, render: 414ms)
 GET /dashboard/hosts/events 200 in 358ms (compile: 8ms, render: 350ms)
 GET /dashboard/hosts/search 200 in 390ms (compile: 9ms, render: 381ms)
 GET /dashboard/hosts/search 200 in 337ms (compile: 17ms, render: 319ms)
 GET /dashboard/hosts/events 200 in 392ms (compile: 12ms, render: 379ms)
 GET /dashboard/hosts/search 200 in 338ms (compile: 7ms, render: 332ms)
 GET /dashboard/hosts/search 200 in 416ms (compile: 8ms, render: 409ms)
 GET /dashboard/hosts/events 200 in 361ms (compile: 5ms, render: 356ms)
 GET /dashboard/hosts/search 200 in 497ms (compile: 6ms, render: 491ms)
 GET /dashboard/hosts/search 200 in 455ms (compile: 6ms, render: 449ms)
 GET /dashboard/hosts/events 200 in 555ms (compile: 7ms, render: 548ms)
 GET /dashboard/hosts/search 200 in 500ms (compile: 11ms, render: 489ms)
 GET /dashboard/hosts/search 200 in 532ms (compile: 7ms, render: 525ms)
 GET /dashboard/hosts/events 200 in 471ms (compile: 11ms, render: 460ms)
 GET /dashboard/hosts/search 200 in 462ms (compile: 19ms, render: 443ms)
 GET /dashboard/hosts/search 200 in 456ms (compile: 121ms, render: 335ms)
 GET /dashboard/hosts/events 200 in 276ms (compile: 8ms, render: 268ms)
 GET /dashboard/hosts/search 200 in 212ms (compile: 7ms, render: 205ms)
 GET /dashboard/hosts/search 200 in 378ms (compile: 6ms, render: 372ms)
 GET /dashboard/hosts/events 200 in 323ms (compile: 6ms, render: 317ms)
 GET /dashboard/hosts/search 200 in 454ms (compile: 18ms, render: 437ms)
 GET /dashboard/hosts/search 200 in 458ms (compile: 95ms, render: 363ms)
 GET /dashboard/hosts/events 200 in 450ms (compile: 149ms, render: 301ms)
 GET /dashboard/hosts/search 200 in 401ms (compile: 71ms, render: 330ms)
 GET /dashboard/hosts/search 200 in 401ms (compile: 8ms, render: 393ms)
 GET /dashboard/hosts/events 200 in 286ms (compile: 6ms, render: 280ms)
 GET /dashboard/hosts/search 200 in 365ms (compile: 7ms, render: 357ms)
 GET /dashboard/hosts/search 200 in 365ms (compile: 88ms, render: 278ms)
 GET /dashboard/hosts/events 200 in 233ms (compile: 4ms, render: 229ms)
 GET /dashboard/hosts/search 200 in 320ms (compile: 9ms, render: 311ms)
 GET /dashboard/hosts/search 200 in 316ms (compile: 44ms, render: 273ms)
 GET /dashboard/hosts/events 200 in 224ms (compile: 13ms, render: 211ms)
 GET /dashboard/hosts/search 200 in 318ms (compile: 8ms, render: 310ms)
 GET /dashboard/hosts/search 200 in 319ms (compile: 47ms, render: 272ms)
 GET /dashboard/hosts/events 200 in 230ms (compile: 14ms, render: 216ms)
 GET /dashboard/hosts/search 200 in 451ms (compile: 5ms, render: 445ms)
 GET /dashboard/hosts/search 200 in 398ms (compile: 7ms, render: 390ms)
 GET /dashboard/hosts/events 200 in 402ms (compile: 44ms, render: 358ms)
 GET /dashboard/hosts/events 200 in 902ms (compile: 200ms, render: 702ms)
 GET /dashboard/hosts/search 200 in 909ms (compile: 6ms, render: 903ms)
 GET /dashboard/hosts/search 200 in 919ms (compile: 99ms, render: 820ms)
 GET /dashboard/hosts/search 200 in 850ms (compile: 14ms, render: 836ms)
 GET /dashboard/hosts/search 200 in 849ms (compile: 472ms, render: 377ms)
 GET /dashboard/hosts/events 200 in 316ms (compile: 5ms, render: 311ms)
 GET /dashboard/hosts/search 200 in 433ms (compile: 6ms, render: 428ms)
 GET /dashboard/hosts/search 200 in 448ms (compile: 74ms, render: 374ms)
 GET /dashboard/hosts/events 200 in 448ms (compile: 133ms, render: 315ms)
 GET /dashboard/hosts/search 200 in 434ms (compile: 11ms, render: 424ms)
 GET /dashboard/hosts/search 200 in 432ms (compile: 92ms, render: 340ms)
 GET /dashboard/hosts/events 200 in 530ms (compile: 12ms, render: 518ms)
 GET /dashboard/hosts/search 200 in 533ms (compile: 5ms, render: 528ms)
 GET /dashboard/hosts/search 200 in 467ms (compile: 6ms, render: 460ms)
 GET /dashboard/hosts/events 200 in 467ms (compile: 67ms, render: 400ms)
 GET /dashboard/hosts/search 200 in 571ms (compile: 5ms, render: 566ms)
 GET /dashboard/hosts/search 200 in 422ms (compile: 14ms, render: 408ms)
 GET /dashboard/hosts/events 200 in 439ms (compile: 9ms, render: 430ms)
 GET /dashboard/hosts/search 200 in 407ms (compile: 9ms, render: 398ms)
 GET /dashboard/hosts/search 200 in 416ms (compile: 75ms, render: 341ms)
 GET /dashboard/hosts/events 200 in 418ms (compile: 143ms, render: 275ms)
 GET /dashboard/hosts/search 200 in 373ms (compile: 7ms, render: 367ms)
 GET /dashboard/hosts/search 200 in 325ms (compile: 5ms, render: 320ms)
 GET /dashboard/hosts/events 200 in 389ms (compile: 11ms, render: 379ms)
 GET /dashboard/hosts/search 200 in 314ms (compile: 67ms, render: 247ms)
 GET /dashboard/hosts/events 200 in 315ms (compile: 127ms, render: 188ms)
 GET /dashboard/hosts/search 200 in 370ms (compile: 9ms, render: 361ms)
 GET /dashboard/hosts/search 200 in 344ms (compile: 7ms, render: 337ms)
 GET /dashboard/hosts/search 200 in 288ms (compile: 5ms, render: 282ms)
 GET /dashboard/hosts/events 200 in 337ms (compile: 8ms, render: 329ms)
 GET /dashboard/hosts/search 200 in 282ms (compile: 5ms, render: 277ms)
 GET /dashboard/hosts/events 200 in 238ms (compile: 48ms, render: 191ms)
 GET /dashboard/hosts/search 200 in 242ms (compile: 7ms, render: 234ms)
 GET /dashboard/hosts/search 200 in 299ms (compile: 7ms, render: 293ms)
 GET /dashboard/hosts/search 200 in 255ms (compile: 6ms, render: 249ms)
 GET /dashboard/hosts/events 200 in 284ms (compile: 16ms, render: 268ms)
 GET /dashboard/hosts/search 200 in 210ms (compile: 17ms, render: 193ms)
 GET /dashboard/hosts/search 200 in 199ms (compile: 42ms, render: 157ms)
 GET /dashboard/hosts/events 200 in 227ms (compile: 9ms, render: 218ms)
 GET /dashboard/hosts/search 200 in 190ms (compile: 4ms, render: 186ms)
 GET /dashboard/hosts/search 200 in 265ms (compile: 5ms, render: 260ms)
 GET /dashboard/hosts/events 200 in 230ms (compile: 8ms, render: 221ms)
 GET /dashboard/hosts/search 200 in 230ms (compile: 39ms, render: 191ms)
 GET /dashboard/hosts/search 200 in 283ms (compile: 9ms, render: 273ms)
 GET /dashboard/hosts/events 200 in 232ms (compile: 5ms, render: 227ms)
 GET /dashboard/hosts/search 200 in 234ms (compile: 5ms, render: 229ms)
 GET /dashboard/hosts/search 200 in 226ms (compile: 7ms, render: 219ms)
 GET /dashboard/hosts/events 200 in 234ms (compile: 6ms, render: 228ms)
 GET /dashboard/hosts/search 200 in 235ms (compile: 41ms, render: 194ms)
 GET /dashboard/hosts/search 200 in 271ms (compile: 6ms, render: 265ms)
 GET /dashboard/hosts/events 200 in 236ms (compile: 6ms, render: 229ms)
 GET /dashboard/hosts/search 200 in 279ms (compile: 5ms, render: 274ms)
 GET /dashboard/hosts/events 200 in 228ms (compile: 9ms, render: 219ms)
 GET /dashboard/hosts/search 200 in 222ms (compile: 5ms, render: 217ms)
 GET /dashboard/hosts/search 200 in 219ms (compile: 7ms, render: 212ms)
 GET /dashboard/hosts/search 200 in 135ms (compile: 6ms, render: 130ms)
 GET /dashboard/hosts/search 200 in 88ms (compile: 5ms, render: 82ms)
 GET /dashboard/hosts/events 200 in 497ms (compile: 6ms, render: 491ms)
 GET /manifest.webmanifest 200 in 74ms (compile: 66ms, render: 8ms)
 GET /dashboard/hosts/vendors 200 in 1723ms (compile: 1680ms, render: 43ms)
 GET /manifest.webmanifest 200 in 9ms (compile: 4ms, render: 6ms)
✓ Compiled in 401ms
✓ Compiled in 346ms
 GET /manifest.webmanifest 200 in 61ms (compile: 43ms, render: 18ms)
 GET /dashboard/hosts/vendors 200 in 977ms (compile: 143ms, render: 834ms)
✓ Compiled in 551ms
 GET /dashboard/hosts/vendors 200 in 703ms (compile: 186ms, render: 517ms)
 GET /dashboard/hosts/vendors 200 in 117ms (compile: 5ms, render: 112ms)
 GET /manifest.webmanifest 200 in 10ms (compile: 4ms, render: 6ms)
 GET /dashboard/hosts/experiences 200 in 645ms (compile: 604ms, render: 41ms)
 GET /manifest.webmanifest 200 in 14ms (compile: 5ms, render: 9ms)
 GET /dashboard/hosts/vendors 200 in 32ms (compile: 5ms, render: 27ms)
 GET /manifest.webmanifest 200 in 9ms (compile: 3ms, render: 6ms)
 GET /dashboard/hosts/experiences 200 in 39ms (compile: 14ms, render: 25ms)
 GET /manifest.webmanifest 200 in 11ms (compile: 3ms, render: 8ms)
 GET /dashboard/hosts/experiences/exp-beach-bonfire-night 200 in 1825ms (compile: 1779ms, render: 47ms)
 GET /manifest.webmanifest 200 in 10ms (compile: 4ms, render: 6ms)
 GET /dashboard/hosts/events 200 in 189ms (compile: 162ms, render: 27ms)
 GET /manifest.webmanifest 200 in 13ms (compile: 8ms, render: 5ms)
